[2026-04-24T05:53:36.270+0000] {taskinstance.py:1956} INFO - Dependencies all met for dep_context=non-requeueable deps ti=<TaskInstance: weather_data_pipeline.extract_weather_data manual__2026-04-24T05:53:09.076047+00:00 [queued]>
[2026-04-24T05:53:36.321+0000] {taskinstance.py:1956} INFO - Dependencies all met for dep_context=requeueable deps ti=<TaskInstance: weather_data_pipeline.extract_weather_data manual__2026-04-24T05:53:09.076047+00:00 [queued]>
[2026-04-24T05:53:36.324+0000] {taskinstance.py:2170} INFO - Starting attempt 1 of 3
[2026-04-24T05:53:36.406+0000] {taskinstance.py:2191} INFO - Executing <Task(PythonOperator): extract_weather_data> on 2026-04-24 05:53:09.076047+00:00
[2026-04-24T05:53:36.445+0000] {standard_task_runner.py:60} INFO - Started process 1264 to run task
[2026-04-24T05:53:36.477+0000] {standard_task_runner.py:87} INFO - Running: ['***', 'tasks', 'run', 'weather_data_pipeline', 'extract_weather_data', 'manual__2026-04-24T05:53:09.076047+00:00', '--job-id', '6', '--raw', '--subdir', 'DAGS_FOLDER/weather_pipeline_dag.py', '--cfg-path', '/tmp/tmpfgdvwij4']
[2026-04-24T05:53:36.494+0000] {standard_task_runner.py:88} INFO - Job 6: Subtask extract_weather_data
[2026-04-24T05:53:37.902+0000] {task_command.py:423} INFO - Running <TaskInstance: weather_data_pipeline.extract_weather_data manual__2026-04-24T05:53:09.076047+00:00 [running]> on host 8f25c72e0c9d
[2026-04-24T05:53:39.819+0000] {taskinstance.py:2480} INFO - Exporting env vars: AIRFLOW_CTX_DAG_OWNER='student' AIRFLOW_CTX_DAG_ID='weather_data_pipeline' AIRFLOW_CTX_TASK_ID='extract_weather_data' AIRFLOW_CTX_EXECUTION_DATE='2026-04-24T05:53:09.076047+00:00' AIRFLOW_CTX_TRY_NUMBER='1' AIRFLOW_CTX_DAG_RUN_ID='manual__2026-04-24T05:53:09.076047+00:00'
[2026-04-24T05:53:39.829+0000] {weather_pipeline_dag.py:58} INFO - Starting weather data extraction …
[2026-04-24T05:53:39.833+0000] {extract_weather.py:56} INFO - Connecting to PostgreSQL …
[2026-04-24T05:53:39.861+0000] {extract_weather.py:58} INFO - Connected successfully.
[2026-04-24T05:53:39.875+0000] {extract_weather.py:67} INFO - Table 'weather_data' is ready.
[2026-04-24T05:53:39.878+0000] {extract_weather.py:83} INFO - Fetching weather data from Open-Meteo …
[2026-04-24T05:53:41.490+0000] {extract_weather.py:87} INFO - API response received.
[2026-04-24T05:53:41.506+0000] {extract_weather.py:108} INFO - Parsed 24 hourly records.
[2026-04-24T05:53:41.690+0000] {extract_weather.py:138} INFO - Saved 24 records to the database.
[2026-04-24T05:53:41.709+0000] {extract_weather.py:150} INFO - Pipeline completed successfully.
[2026-04-24T05:53:41.721+0000] {extract_weather.py:160} INFO - Database connection closed.
[2026-04-24T05:53:41.733+0000] {weather_pipeline_dag.py:60} INFO - Extraction and load complete.
[2026-04-24T05:53:41.750+0000] {python.py:201} INFO - Done. Returned value was: None
[2026-04-24T05:53:42.065+0000] {taskinstance.py:1138} INFO - Marking task as SUCCESS. dag_id=weather_data_pipeline, task_id=extract_weather_data, execution_date=20260424T055309, start_date=20260424T055336, end_date=20260424T055342
[2026-04-24T05:53:42.306+0000] {local_task_job_runner.py:234} INFO - Task exited with return code 0
[2026-04-24T05:53:42.457+0000] {taskinstance.py:3280} INFO - 1 downstream tasks scheduled from follow-on schedule check
