[2026-04-24T05:53:08.560+0000] {taskinstance.py:1956} INFO - Dependencies all met for dep_context=non-requeueable deps ti=<TaskInstance: weather_data_pipeline.extract_weather_data scheduled__2026-04-22T06:00:00+00:00 [queued]>
[2026-04-24T05:53:06.201+0000] {taskinstance.py:1956} INFO - Dependencies all met for dep_context=requeueable deps ti=<TaskInstance: weather_data_pipeline.extract_weather_data scheduled__2026-04-22T06:00:00+00:00 [queued]>
[2026-04-24T05:53:06.212+0000] {taskinstance.py:2170} INFO - Starting attempt 1 of 3
[2026-04-24T05:53:06.931+0000] {taskinstance.py:2191} INFO - Executing <Task(PythonOperator): extract_weather_data> on 2026-04-22 06:00:00+00:00
[2026-04-24T05:53:07.060+0000] {standard_task_runner.py:60} INFO - Started process 1246 to run task
[2026-04-24T05:53:07.151+0000] {standard_task_runner.py:87} INFO - Running: ['***', 'tasks', 'run', 'weather_data_pipeline', 'extract_weather_data', 'scheduled__2026-04-22T06:00:00+00:00', '--job-id', '3', '--raw', '--subdir', 'DAGS_FOLDER/weather_pipeline_dag.py', '--cfg-path', '/tmp/tmpkh8589l9']
[2026-04-24T05:53:07.333+0000] {standard_task_runner.py:88} INFO - Job 3: Subtask extract_weather_data
[2026-04-24T05:53:09.135+0000] {task_command.py:423} INFO - Running <TaskInstance: weather_data_pipeline.extract_weather_data scheduled__2026-04-22T06:00:00+00:00 [running]> on host 8f25c72e0c9d
[2026-04-24T05:53:10.996+0000] {taskinstance.py:2480} INFO - Exporting env vars: AIRFLOW_CTX_DAG_OWNER='student' AIRFLOW_CTX_DAG_ID='weather_data_pipeline' AIRFLOW_CTX_TASK_ID='extract_weather_data' AIRFLOW_CTX_EXECUTION_DATE='2026-04-22T06:00:00+00:00' AIRFLOW_CTX_TRY_NUMBER='1' AIRFLOW_CTX_DAG_RUN_ID='scheduled__2026-04-22T06:00:00+00:00'
[2026-04-24T05:53:11.103+0000] {weather_pipeline_dag.py:58} INFO - Starting weather data extraction …
[2026-04-24T05:53:11.145+0000] {extract_weather.py:56} INFO - Connecting to PostgreSQL …
[2026-04-24T05:53:11.393+0000] {extract_weather.py:58} INFO - Connected successfully.
[2026-04-24T05:53:11.859+0000] {extract_weather.py:67} INFO - Table 'weather_data' is ready.
[2026-04-24T05:53:11.880+0000] {extract_weather.py:83} INFO - Fetching weather data from Open-Meteo …
[2026-04-24T05:53:18.656+0000] {extract_weather.py:87} INFO - API response received.
[2026-04-24T05:53:18.671+0000] {extract_weather.py:108} INFO - Parsed 24 hourly records.
[2026-04-24T05:53:19.630+0000] {extract_weather.py:138} INFO - Saved 24 records to the database.
[2026-04-24T05:53:19.670+0000] {extract_weather.py:150} INFO - Pipeline completed successfully.
[2026-04-24T05:53:19.855+0000] {extract_weather.py:160} INFO - Database connection closed.
[2026-04-24T05:53:19.996+0000] {weather_pipeline_dag.py:60} INFO - Extraction and load complete.
[2026-04-24T05:53:20.034+0000] {python.py:201} INFO - Done. Returned value was: None
[2026-04-24T05:53:20.606+0000] {taskinstance.py:1138} INFO - Marking task as SUCCESS. dag_id=weather_data_pipeline, task_id=extract_weather_data, execution_date=20260422T060000, start_date=20260424T055308, end_date=20260424T055320
[2026-04-24T05:53:21.617+0000] {local_task_job_runner.py:234} INFO - Task exited with return code 0
[2026-04-24T05:53:22.902+0000] {taskinstance.py:3280} INFO - 1 downstream tasks scheduled from follow-on schedule check
