[2026-04-24T06:09:40.593+0000] {taskinstance.py:1956} INFO - Dependencies all met for dep_context=non-requeueable deps ti=<TaskInstance: weather_data_pipeline.extract_weather_data manual__2026-04-24T06:09:03.451349+00:00 [queued]>
[2026-04-24T06:09:40.807+0000] {taskinstance.py:1956} INFO - Dependencies all met for dep_context=requeueable deps ti=<TaskInstance: weather_data_pipeline.extract_weather_data manual__2026-04-24T06:09:03.451349+00:00 [queued]>
[2026-04-24T06:09:40.822+0000] {taskinstance.py:2170} INFO - Starting attempt 1 of 3
[2026-04-24T06:09:41.175+0000] {taskinstance.py:2191} INFO - Executing <Task(PythonOperator): extract_weather_data> on 2026-04-24 06:09:03.451349+00:00
[2026-04-24T06:09:41.269+0000] {standard_task_runner.py:60} INFO - Started process 1625 to run task
[2026-04-24T06:09:41.438+0000] {standard_task_runner.py:87} INFO - Running: ['***', 'tasks', 'run', 'weather_data_pipeline', 'extract_weather_data', 'manual__2026-04-24T06:09:03.451349+00:00', '--job-id', '12', '--raw', '--subdir', 'DAGS_FOLDER/weather_pipeline_dag.py', '--cfg-path', '/tmp/tmpaefmi0zv']
[2026-04-24T06:09:41.501+0000] {standard_task_runner.py:88} INFO - Job 12: Subtask extract_weather_data
[2026-04-24T06:09:43.126+0000] {task_command.py:423} INFO - Running <TaskInstance: weather_data_pipeline.extract_weather_data manual__2026-04-24T06:09:03.451349+00:00 [running]> on host 8f25c72e0c9d
[2026-04-24T06:09:47.869+0000] {taskinstance.py:2480} INFO - Exporting env vars: AIRFLOW_CTX_DAG_OWNER='student' AIRFLOW_CTX_DAG_ID='weather_data_pipeline' AIRFLOW_CTX_TASK_ID='extract_weather_data' AIRFLOW_CTX_EXECUTION_DATE='2026-04-24T06:09:03.451349+00:00' AIRFLOW_CTX_TRY_NUMBER='1' AIRFLOW_CTX_DAG_RUN_ID='manual__2026-04-24T06:09:03.451349+00:00'
[2026-04-24T06:09:47.957+0000] {weather_pipeline_dag.py:58} INFO - Starting weather data extraction …
[2026-04-24T06:09:47.986+0000] {extract_weather.py:56} INFO - Connecting to PostgreSQL …
[2026-04-24T06:09:48.162+0000] {extract_weather.py:58} INFO - Connected successfully.
[2026-04-24T06:09:48.259+0000] {extract_weather.py:67} INFO - Table 'weather_data' is ready.
[2026-04-24T06:09:48.329+0000] {extract_weather.py:83} INFO - Fetching weather data from Open-Meteo …
[2026-04-24T06:09:55.093+0000] {extract_weather.py:87} INFO - API response received.
[2026-04-24T06:09:55.212+0000] {extract_weather.py:108} INFO - Parsed 24 hourly records.
[2026-04-24T06:09:55.447+0000] {extract_weather.py:138} INFO - Saved 24 records to the database.
[2026-04-24T06:09:55.461+0000] {extract_weather.py:150} INFO - Pipeline completed successfully.
[2026-04-24T06:09:55.483+0000] {extract_weather.py:160} INFO - Database connection closed.
[2026-04-24T06:09:55.517+0000] {weather_pipeline_dag.py:60} INFO - Extraction and load complete.
[2026-04-24T06:09:55.530+0000] {python.py:201} INFO - Done. Returned value was: None
[2026-04-24T06:09:55.686+0000] {taskinstance.py:1138} INFO - Marking task as SUCCESS. dag_id=weather_data_pipeline, task_id=extract_weather_data, execution_date=20260424T060903, start_date=20260424T060940, end_date=20260424T060955
[2026-04-24T06:09:56.109+0000] {local_task_job_runner.py:234} INFO - Task exited with return code 0
[2026-04-24T06:09:56.644+0000] {taskinstance.py:3280} INFO - 1 downstream tasks scheduled from follow-on schedule check
